[live.hasthemes.com/html/8/jibanu-preview/jibanu/index.html]
[backblue.gif]
[fade.gif]
[index.html]
[live.hasthemes.com/html/8/jibanu-preview/jibanu/assets/img/favicon.ico]
[live.hasthemes.com/html/8/jibanu-preview/jibanu/assets/css/jqvmap.min.css]
[live.hasthemes.com/html/8/jibanu-preview/jibanu/assets/css/chart.min.css]
[live.hasthemes.com/html/8/jibanu-preview/jibanu/assets/css/datatables.min.css]
[live.hasthemes.com/html/8/jibanu-preview/jibanu/assets/css/select2.min.css]
[live.hasthemes.com/html/8/jibanu-preview/jibanu/assets/css/bootstrap.min.css]
[live.hasthemes.com/html/8/jibanu-preview/jibanu/assets/img/logo.png]
[live.hasthemes.com/html/8/jibanu-preview/jibanu/assets/css/style.css]
[live.hasthemes.com/html/8/jibanu-preview/jibanu/map.html]
[live.hasthemes.com/html/8/jibanu-preview/jibanu/assets/img/corona-icon-red.png]
[live.hasthemes.com/html/8/jibanu-preview/jibanu/assets/img/corona-icon-green.png]
[live.hasthemes.com/html/8/jibanu-preview/jibanu/assets/js/modernizr.min.js]
[live.hasthemes.com/html/8/jibanu-preview/jibanu/badge.html]
[live.hasthemes.com/html/8/jibanu-preview/jibanu/assets/js/jquery.min.js]
[live.hasthemes.com/html/8/jibanu-preview/jibanu/assets/js/jquery-migrate.min.js]
[live.hasthemes.com/html/8/jibanu-preview/jibanu/assets/js/popper.min.js]
[live.hasthemes.com/html/8/jibanu-preview/jibanu/assets/js/bootstrap.min.js]
[live.hasthemes.com/html/8/jibanu-preview/jibanu/assets/js/select2.full.min.js]
[live.hasthemes.com/html/8/jibanu-preview/jibanu/assets/js/chart.min.js]
[live.hasthemes.com/html/8/jibanu-preview/jibanu/assets/js/jquery.vmap.min.js]
[live.hasthemes.com/html/8/jibanu-preview/jibanu/assets/js/jquery.vmap.world.js]
[live.hasthemes.com/html/8/jibanu-preview/jibanu/assets/js/datatables.min.js]
[live.hasthemes.com/html/8/jibanu-preview/jibanu/index.html]
[live.hasthemes.com/html/8/jibanu-preview/jibanu/assets/css/jqvmap.min.css]
[live.hasthemes.com/html/8/jibanu-preview/jibanu/assets/css/chart.min.css]
[live.hasthemes.com/html/8/jibanu-preview/jibanu/assets/js/app.js]
[live.hasthemes.com/html/8/jibanu-preview/jibanu/assets/js/active.js]
[live.hasthemes.com/html/8/jibanu-preview/jibanu/assets/css/datatables.min.css]
[live.hasthemes.com/html/8/jibanu-preview/jibanu/assets/css/select2.min.css]
[live.hasthemes.com/html/8/jibanu-preview/jibanu/assets/css/bootstrap.min.css]
[live.hasthemes.com/html/8/jibanu-preview/jibanu/assets/css/style.css]
[live.hasthemes.com/html/8/jibanu-preview/jibanu/map.html]
[live.hasthemes.com/html/8/jibanu-preview/jibanu/badge.html]
[live.hasthemes.com/DataTables-1.10.21/images/sort_both.png]
[live.hasthemes.com/DataTables-1.10.21/images/sort_asc.png]
[live.hasthemes.com/DataTables-1.10.21/images/sort_desc.png]
[live.hasthemes.com/DataTables-1.10.21/images/sort_asc_disabled.png]
[live.hasthemes.com/DataTables-1.10.21/images/sort_desc_disabled.png]
